<html>
<body>
<pre>
<h1>µVision Build Log</h1>
<h2>Tool Versions:</h2>
IDE-Version: µVision V5.37.0.0
Copyright (C) 2022 ARM Ltd and ARM Germany GmbH. All rights reserved.
License Information: a b, c, LIC=Z3C6R-KT1UL-BXQUY-IIAPM-G39TS-7XMY8
 
Tool Versions:
Toolchain:       MDK-ARM Professional  Version: 5.37.0.0
Toolchain Path:  C:\Keil\ARM\ARMCLANG\Bin
C Compiler:      ArmClang.exe V6.18
Assembler:       Armasm.exe V6.18
Linker/Locator:  ArmLink.exe V6.18
Library Manager: ArmAr.exe V6.18
Hex Converter:   FromElf.exe V6.18
CPU DLL:         SARMCM3.DLL V5.37.0.0
Dialog DLL:      DCM.DLL V1.17.5.0
Target DLL:      UL2CM3.DLL V1.164.7.0
Dialog DLL:      TCM.DLL V1.56.1.0
 
<h2>Project:</h2>
C:\Users\Administrator\source\AC\albert\lab11\lab11_test\lab11_test.uvprojx
Project File Date:  11/21/2022

<h2>Output:</h2>
*** Using Compiler 'V6.18', folder: 'C:\Keil\ARM\ARMCLANG\Bin'
Rebuild target 'Target 1'
src/misc.c(152): warning: implicit conversion loses integer precision: 'int' to 'uint8_t' (aka 'unsigned char') [-Wimplicit-int-conversion]
    tmppriority = NVIC_InitStruct->NVIC_IRQChannelPreemptionPriority << tmppre;
                ~ ~~~~~~~~~~~~~~~~~~~~~~~~~~~~~~~~~~~~~~~~~~~~~~~~~~~^~~~~~~~~
src/misc.c(155): warning: implicit conversion loses integer precision: 'int' to 'uint8_t' (aka 'unsigned char') [-Wimplicit-int-conversion]
    tmppriority = tmppriority << 0x04;
                ~ ~~~~~~~~~~~~^~~~~~~
2 warnings generated.
compiling misc.c...
main.c(3): warning: no previous extern declaration for non-static variable 'delay_c' [-Wmissing-variable-declarations]
uint16_t delay_c = 0;
         ^
main.c(3): note: declare 'static' if the variable is not intended to be used outside of this translation unit
uint16_t delay_c = 0;
^
main.c(5): warning: no previous prototype for function 'SysTick_Handler' [-Wmissing-prototypes]
void SysTick_Handler(void)
     ^
main.c(5): note: declare 'static' if the function is not intended to be used outside of this translation unit
void SysTick_Handler(void)
^
static 
main.c(14): warning: empty expression statement has no effect; remove unnecessary ';' to silence this warning [-Wextra-semi-stmt]
                while(delay_c){};
                                ^
main.c(11): warning: no previous prototype for function 'delay_ms' [-Wmissing-prototypes]
void delay_ms(uint16_t delay_t)
     ^
main.c(11): note: declare 'static' if the function is not intended to be used outside of this translation unit
void delay_ms(uint16_t delay_t)
^
static 
4 warnings generated.
compiling main.c...
src/stm32f4xx_adc.c(106): warning: In file included from...
./Include/stm32f4xx_adc.h(64): warning: padding struct 'ADC_InitTypeDef' with 2 bytes to align 'ADC_ExternalTrigConvEdge' [-Wpadded]
  uint32_t ADC_ExternalTrigConvEdge;      /*!< Select the external trigger edge and
           ^
./Include/stm32f4xx_adc.h(53): warning: padding size of 'ADC_InitTypeDef' with 3 bytes to alignment boundary [-Wpadded]
typedef struct
        ^
2 warnings generated.
compiling stm32f4xx_adc.c...
compiling stm32f4xx_crc.c...
src/stm32f4xx_exti.c(68): warning: In file included from...
./Include/stm32f4xx_exti.h(80): warning: padding size of 'EXTI_InitTypeDef' with 1 byte to alignment boundary [-Wpadded]
typedef struct
        ^
1 warning generated.
compiling stm32f4xx_exti.c...
compiling stm32f4xx_rcc.c...
assembling startup_stm32f401xc.s...
compiling stm32f4xx_gpio.c...
compiling system_stm32f4xx.c...
linking...
Program Size: Code=540 RO-data=436 RW-data=4 ZI-data=1640  
FromELF: creating hex file...
".\Objects\prjFinal.axf" - 0 Error(s), 9 Warning(s).

<h2>Software Packages used:</h2>

Package Vendor: ARM
                http://www.keil.com/pack/ARM.CMSIS.5.9.0.pack
                ARM.CMSIS.5.9.0
                CMSIS (Common Microcontroller Software Interface Standard)
   * Component: CORE Version: 5.6.0

Package Vendor: Keil
                http://www.keil.com/pack/Keil.STM32F4xx_DFP.2.16.0.pack
                Keil.STM32F4xx_DFP.2.16.0
                STMicroelectronics STM32F4 Series Device Support, Drivers and Examples
   * Component: Startup Version: 2.6.3

<h2>Collection of Component include folders:</h2>
  ./RTE/_Target_1
  C:/Users/Administrator/AppData/Local/Arm/Packs/ARM/CMSIS/5.9.0/CMSIS/Core/Include
  C:/Users/Administrator/AppData/Local/Arm/Packs/Keil/STM32F4xx_DFP/2.16.0/Drivers/CMSIS/Device/ST/STM32F4xx/Include

<h2>Collection of Component Files used:</h2>

   * Component: ARM::CMSIS:CORE:5.6.0

   * Component: Keil::Device:Startup:2.6.3
      Source file:   Drivers/CMSIS/Device/ST/STM32F4xx/Source/Templates/system_stm32f4xx.c
      Source file:   MDK/Device/Source/ARM/STM32F401xx_OPT.s
      Include file:  Drivers/CMSIS/Device/ST/STM32F4xx/Include/stm32f4xx.h
      Source file:   Drivers/CMSIS/Device/ST/STM32F4xx/Source/Templates/arm/startup_stm32f401xc.s
      Source file:   MDK/Device/Source/ARM/STM32F4xx_OTP.s
Build Time Elapsed:  00:00:01
</pre>
</body>
</html>
